2026-07-02 19:51:53,023 [INFO] automation.scheduler.run_job: [1/4] Fetch USD/IDR mulai (target_month=current)
2026-07-02 19:51:55,242 [INFO] automation.fetch.usd_idr: fetch_usd_idr_latest result={'month': '2026-07', 'usd_idr_avg': 17969.28, 'usd_idr_source': 'exchangerate-api', 'fetched_at': '2026-07-02T11:51:53.023846+00:00'}
2026-07-02 19:51:55,242 [INFO] automation.scheduler.run_job: [1/4] Fetch selesai: {'month': '2026-07', 'usd_idr_avg': 17969.28, 'usd_idr_source': 'exchangerate-api', 'fetched_at': '2026-07-02T11:51:53.023846+00:00'}
2026-07-02 19:51:55,242 [INFO] automation.scheduler.run_job: [2/4] Validasi mulai
2026-07-02 19:51:55,242 [INFO] automation.scheduler.run_job: [2/4] Validasi lolos
2026-07-02 19:51:55,243 [INFO] automation.scheduler.run_job: [3/4] Cleaning ringan mulai
2026-07-02 19:51:55,243 [INFO] automation.scheduler.run_job: [3/4] Cleaning selesai: {'month': '2026-07', 'usd_idr_avg': 17969.28, 'usd_idr_source': 'exchangerate-api', 'fetched_at': '2026-07-02T11:51:53.023846+00:00'}
2026-07-02 19:51:55,243 [INFO] automation.scheduler.run_job: [4/4] Simpan ke staging mulai
2026-07-02 19:51:55,244 [INFO] automation.storage.staging_writer: staging_write source=usd_idr key=2026-07 path=/home/asus/projects/MultiMetode/automation/data/staging/usd_idr/2026-07.json
2026-07-02 19:51:55,244 [INFO] automation.scheduler.run_job: [4/4] Tersimpan di: /home/asus/projects/MultiMetode/automation/data/staging/usd_idr/2026-07.json
2026-07-02 19:51:55,244 [INFO] automation.scheduler.run_job: Job usd_idr SELESAI sukses untuk month=2026-07
2026-07-02 20:02:35,253 [INFO] automation.scheduler.run_job: [1/4] Fetch USD/IDR mulai (target_month=current)
2026-07-02 20:02:37,093 [INFO] automation.fetch.usd_idr: fetch_usd_idr_latest result={'month': '2026-07', 'usd_idr_avg': 17969.28, 'usd_idr_source': 'exchangerate-api', 'fetched_at': '2026-07-02T12:02:35.253304+00:00'}
2026-07-02 20:02:37,093 [INFO] automation.scheduler.run_job: [1/4] Fetch selesai: {'month': '2026-07', 'usd_idr_avg': 17969.28, 'usd_idr_source': 'exchangerate-api', 'fetched_at': '2026-07-02T12:02:35.253304+00:00'}
2026-07-02 20:02:37,093 [INFO] automation.scheduler.run_job: [2/4] Validasi mulai
2026-07-02 20:02:37,093 [INFO] automation.scheduler.run_job: [2/4] Validasi lolos
2026-07-02 20:02:37,093 [INFO] automation.scheduler.run_job: [3/4] Cleaning ringan mulai
2026-07-02 20:02:37,093 [INFO] automation.scheduler.run_job: [3/4] Cleaning selesai: {'month': '2026-07', 'usd_idr_avg': 17969.28, 'usd_idr_source': 'exchangerate-api', 'fetched_at': '2026-07-02T12:02:35.253304+00:00'}
2026-07-02 20:02:37,094 [INFO] automation.scheduler.run_job: [4/4] Simpan ke staging mulai
2026-07-02 20:02:37,094 [INFO] automation.storage.staging_writer: staging_write source=usd_idr key=2026-07 path=/home/asus/projects/MultiMetode/automation/data/staging/usd_idr/2026-07.json
2026-07-02 20:02:37,094 [INFO] automation.scheduler.run_job: [4/4] Tersimpan di: /home/asus/projects/MultiMetode/automation/data/staging/usd_idr/2026-07.json
2026-07-02 20:02:37,094 [INFO] automation.scheduler.run_job: Job usd_idr SELESAI sukses untuk month=2026-07
2026-07-03 07:05:23,971 [INFO] automation.scheduler.run_job: [1/4] Fetch USD/IDR mulai (target_month=current)
2026-07-03 07:05:24,085 [INFO] automation.fetch.usd_idr: fetch_usd_idr_latest result={'month': '2026-07', 'usd_idr_avg': 17989.44, 'usd_idr_source': 'exchangerate-api', 'fetched_at': '2026-07-03T07:05:23.971969+00:00'}
2026-07-03 07:05:24,085 [INFO] automation.scheduler.run_job: [1/4] Fetch selesai: {'month': '2026-07', 'usd_idr_avg': 17989.44, 'usd_idr_source': 'exchangerate-api', 'fetched_at': '2026-07-03T07:05:23.971969+00:00'}
2026-07-03 07:05:24,085 [INFO] automation.scheduler.run_job: [2/4] Validasi mulai
2026-07-03 07:05:24,085 [INFO] automation.scheduler.run_job: [2/4] Validasi lolos
2026-07-03 07:05:24,086 [INFO] automation.scheduler.run_job: [3/4] Cleaning ringan mulai
2026-07-03 07:05:24,086 [INFO] automation.scheduler.run_job: [3/4] Cleaning selesai: {'month': '2026-07', 'usd_idr_avg': 17989.44, 'usd_idr_source': 'exchangerate-api', 'fetched_at': '2026-07-03T07:05:23.971969+00:00'}
2026-07-03 07:05:24,086 [INFO] automation.scheduler.run_job: [4/4] Simpan ke staging mulai
2026-07-03 07:05:24,086 [INFO] automation.storage.staging_writer: staging_write source=usd_idr key=2026-07 path=/home/runner/work/MultiMetode/MultiMetode/automation/data/staging/usd_idr/2026-07.json
2026-07-03 07:05:24,086 [INFO] automation.scheduler.run_job: [4/4] Tersimpan di: /home/runner/work/MultiMetode/MultiMetode/automation/data/staging/usd_idr/2026-07.json
2026-07-03 07:05:24,086 [INFO] automation.scheduler.run_job: Job usd_idr SELESAI sukses untuk month=2026-07
2026-07-03 15:19:36,880 [INFO] automation.scheduler.run_job: [1/4] Fetch USD/IDR mulai (target_month=current)
2026-07-03 15:19:37,053 [INFO] automation.fetch.usd_idr: fetch_usd_idr_latest result={'month': '2026-07', 'usd_idr_avg': 17989.44, 'usd_idr_source': 'exchangerate-api', 'fetched_at': '2026-07-03T15:19:36.880590+00:00'}
2026-07-03 15:19:37,053 [INFO] automation.scheduler.run_job: [1/4] Fetch selesai: {'month': '2026-07', 'usd_idr_avg': 17989.44, 'usd_idr_source': 'exchangerate-api', 'fetched_at': '2026-07-03T15:19:36.880590+00:00'}
2026-07-03 15:19:37,053 [INFO] automation.scheduler.run_job: [2/4] Validasi mulai
2026-07-03 15:19:37,053 [INFO] automation.scheduler.run_job: [2/4] Validasi lolos
2026-07-03 15:19:37,053 [INFO] automation.scheduler.run_job: [3/4] Cleaning ringan mulai
2026-07-03 15:19:37,053 [INFO] automation.scheduler.run_job: [3/4] Cleaning selesai: {'month': '2026-07', 'usd_idr_avg': 17989.44, 'usd_idr_source': 'exchangerate-api', 'fetched_at': '2026-07-03T15:19:36.880590+00:00'}
2026-07-03 15:19:37,053 [INFO] automation.scheduler.run_job: [4/4] Simpan ke staging mulai
2026-07-03 15:19:37,054 [INFO] automation.storage.staging_writer: staging_write source=usd_idr key=2026-07 path=/home/runner/work/MultiMetode/MultiMetode/automation/data/staging/usd_idr/2026-07.json
2026-07-03 15:19:37,054 [INFO] automation.scheduler.run_job: [4/4] Tersimpan di: /home/runner/work/MultiMetode/MultiMetode/automation/data/staging/usd_idr/2026-07.json
2026-07-03 15:19:37,054 [INFO] automation.scheduler.run_job: Job usd_idr SELESAI sukses untuk month=2026-07
2026-07-03 23:04:38,849 [INFO] automation.scheduler.run_job: [1/4] Fetch USD/IDR mulai (target_month=current)
2026-07-03 23:04:38,890 [INFO] automation.fetch.usd_idr: fetch_usd_idr_latest result={'month': '2026-07', 'usd_idr_avg': 17989.44, 'usd_idr_source': 'exchangerate-api', 'fetched_at': '2026-07-03T23:04:38.849301+00:00'}
2026-07-03 23:04:38,891 [INFO] automation.scheduler.run_job: [1/4] Fetch selesai: {'month': '2026-07', 'usd_idr_avg': 17989.44, 'usd_idr_source': 'exchangerate-api', 'fetched_at': '2026-07-03T23:04:38.849301+00:00'}
2026-07-03 23:04:38,891 [INFO] automation.scheduler.run_job: [2/4] Validasi mulai
2026-07-03 23:04:38,891 [INFO] automation.scheduler.run_job: [2/4] Validasi lolos
2026-07-03 23:04:38,891 [INFO] automation.scheduler.run_job: [3/4] Cleaning ringan mulai
2026-07-03 23:04:38,891 [INFO] automation.scheduler.run_job: [3/4] Cleaning selesai: {'month': '2026-07', 'usd_idr_avg': 17989.44, 'usd_idr_source': 'exchangerate-api', 'fetched_at': '2026-07-03T23:04:38.849301+00:00'}
2026-07-03 23:04:38,891 [INFO] automation.scheduler.run_job: [4/4] Simpan ke staging mulai
2026-07-03 23:04:38,891 [INFO] automation.storage.staging_writer: staging_write source=usd_idr key=2026-07 path=/home/runner/work/BaliGuard-Early-Warning-System/BaliGuard-Early-Warning-System/automation/data/staging/usd_idr/2026-07.json
2026-07-03 23:04:38,891 [INFO] automation.scheduler.run_job: [4/4] Tersimpan di: /home/runner/work/BaliGuard-Early-Warning-System/BaliGuard-Early-Warning-System/automation/data/staging/usd_idr/2026-07.json
2026-07-03 23:04:38,891 [INFO] automation.scheduler.run_job: Job usd_idr SELESAI sukses untuk month=2026-07
2026-07-04 22:58:11,610 [INFO] automation.scheduler.run_job: [1/4] Fetch USD/IDR mulai (target_month=current)
2026-07-04 22:58:11,925 [INFO] automation.fetch.usd_idr: fetch_usd_idr_latest result={'month': '2026-07', 'usd_idr_avg': 17982.27, 'usd_idr_source': 'exchangerate-api', 'fetched_at': '2026-07-04T22:58:11.610716+00:00'}
2026-07-04 22:58:11,925 [INFO] automation.scheduler.run_job: [1/4] Fetch selesai: {'month': '2026-07', 'usd_idr_avg': 17982.27, 'usd_idr_source': 'exchangerate-api', 'fetched_at': '2026-07-04T22:58:11.610716+00:00'}
2026-07-04 22:58:11,925 [INFO] automation.scheduler.run_job: [2/4] Validasi mulai
2026-07-04 22:58:11,926 [INFO] automation.scheduler.run_job: [2/4] Validasi lolos
2026-07-04 22:58:11,926 [INFO] automation.scheduler.run_job: [3/4] Cleaning ringan mulai
2026-07-04 22:58:11,926 [INFO] automation.scheduler.run_job: [3/4] Cleaning selesai: {'month': '2026-07', 'usd_idr_avg': 17982.27, 'usd_idr_source': 'exchangerate-api', 'fetched_at': '2026-07-04T22:58:11.610716+00:00'}
2026-07-04 22:58:11,926 [INFO] automation.scheduler.run_job: [4/4] Simpan ke staging mulai
2026-07-04 22:58:11,926 [INFO] automation.storage.staging_writer: staging_write source=usd_idr key=2026-07 path=/home/runner/work/BaliGuard-Early-Warning-System/BaliGuard-Early-Warning-System/automation/data/staging/usd_idr/2026-07.json
2026-07-04 22:58:11,926 [INFO] automation.scheduler.run_job: [4/4] Tersimpan di: /home/runner/work/BaliGuard-Early-Warning-System/BaliGuard-Early-Warning-System/automation/data/staging/usd_idr/2026-07.json
2026-07-04 22:58:11,926 [INFO] automation.scheduler.run_job: Job usd_idr SELESAI sukses untuk month=2026-07
2026-07-05 23:01:46,556 [INFO] automation.scheduler.run_job: [1/4] Fetch USD/IDR mulai (target_month=current)
2026-07-05 23:01:46,861 [INFO] automation.fetch.usd_idr: fetch_usd_idr_latest result={'month': '2026-07', 'usd_idr_avg': 17978.11, 'usd_idr_source': 'exchangerate-api', 'fetched_at': '2026-07-05T23:01:46.557101+00:00'}
2026-07-05 23:01:46,861 [INFO] automation.scheduler.run_job: [1/4] Fetch selesai: {'month': '2026-07', 'usd_idr_avg': 17978.11, 'usd_idr_source': 'exchangerate-api', 'fetched_at': '2026-07-05T23:01:46.557101+00:00'}
2026-07-05 23:01:46,861 [INFO] automation.scheduler.run_job: [2/4] Validasi mulai
2026-07-05 23:01:46,862 [INFO] automation.scheduler.run_job: [2/4] Validasi lolos
2026-07-05 23:01:46,862 [INFO] automation.scheduler.run_job: [3/4] Cleaning ringan mulai
2026-07-05 23:01:46,862 [INFO] automation.scheduler.run_job: [3/4] Cleaning selesai: {'month': '2026-07', 'usd_idr_avg': 17978.11, 'usd_idr_source': 'exchangerate-api', 'fetched_at': '2026-07-05T23:01:46.557101+00:00'}
2026-07-05 23:01:46,862 [INFO] automation.scheduler.run_job: [4/4] Simpan ke staging mulai
2026-07-05 23:01:46,862 [INFO] automation.storage.staging_writer: staging_write source=usd_idr key=2026-07 path=/home/runner/work/BaliGuard-Early-Warning-System/BaliGuard-Early-Warning-System/automation/data/staging/usd_idr/2026-07.json
2026-07-05 23:01:46,862 [INFO] automation.scheduler.run_job: [4/4] Tersimpan di: /home/runner/work/BaliGuard-Early-Warning-System/BaliGuard-Early-Warning-System/automation/data/staging/usd_idr/2026-07.json
2026-07-05 23:01:46,862 [INFO] automation.scheduler.run_job: Job usd_idr SELESAI sukses untuk month=2026-07
2026-07-06 23:08:11,959 [INFO] automation.scheduler.run_job: [1/4] Fetch USD/IDR mulai (target_month=current)
2026-07-06 23:08:12,261 [INFO] automation.fetch.usd_idr: fetch_usd_idr_latest result={'month': '2026-07', 'usd_idr_avg': 17986.54, 'usd_idr_source': 'exchangerate-api', 'fetched_at': '2026-07-06T23:08:11.959507+00:00'}
2026-07-06 23:08:12,261 [INFO] automation.scheduler.run_job: [1/4] Fetch selesai: {'month': '2026-07', 'usd_idr_avg': 17986.54, 'usd_idr_source': 'exchangerate-api', 'fetched_at': '2026-07-06T23:08:11.959507+00:00'}
2026-07-06 23:08:12,261 [INFO] automation.scheduler.run_job: [2/4] Validasi mulai
2026-07-06 23:08:12,262 [INFO] automation.scheduler.run_job: [2/4] Validasi lolos
2026-07-06 23:08:12,262 [INFO] automation.scheduler.run_job: [3/4] Cleaning ringan mulai
2026-07-06 23:08:12,262 [INFO] automation.scheduler.run_job: [3/4] Cleaning selesai: {'month': '2026-07', 'usd_idr_avg': 17986.54, 'usd_idr_source': 'exchangerate-api', 'fetched_at': '2026-07-06T23:08:11.959507+00:00'}
2026-07-06 23:08:12,262 [INFO] automation.scheduler.run_job: [4/4] Simpan ke staging mulai
2026-07-06 23:08:12,262 [INFO] automation.storage.staging_writer: staging_write source=usd_idr key=2026-07 path=/home/runner/work/BaliGuard-Early-Warning-System/BaliGuard-Early-Warning-System/automation/data/staging/usd_idr/2026-07.json
2026-07-06 23:08:12,262 [INFO] automation.scheduler.run_job: [4/4] Tersimpan di: /home/runner/work/BaliGuard-Early-Warning-System/BaliGuard-Early-Warning-System/automation/data/staging/usd_idr/2026-07.json
2026-07-06 23:08:12,262 [INFO] automation.scheduler.run_job: Job usd_idr SELESAI sukses untuk month=2026-07
2026-07-08 23:08:00,711 [INFO] automation.scheduler.run_job: [1/4] Fetch USD/IDR mulai (target_month=current)
2026-07-08 23:08:00,972 [INFO] automation.fetch.usd_idr: fetch_usd_idr_latest result={'month': '2026-07', 'usd_idr_avg': 17962.81, 'usd_idr_source': 'exchangerate-api', 'fetched_at': '2026-07-08T23:08:00.711345+00:00'}
2026-07-08 23:08:00,972 [INFO] automation.scheduler.run_job: [1/4] Fetch selesai: {'month': '2026-07', 'usd_idr_avg': 17962.81, 'usd_idr_source': 'exchangerate-api', 'fetched_at': '2026-07-08T23:08:00.711345+00:00'}
2026-07-08 23:08:00,972 [INFO] automation.scheduler.run_job: [2/4] Validasi mulai
2026-07-08 23:08:00,972 [INFO] automation.scheduler.run_job: [2/4] Validasi lolos
2026-07-08 23:08:00,972 [INFO] automation.scheduler.run_job: [3/4] Cleaning ringan mulai
2026-07-08 23:08:00,972 [INFO] automation.scheduler.run_job: [3/4] Cleaning selesai: {'month': '2026-07', 'usd_idr_avg': 17962.81, 'usd_idr_source': 'exchangerate-api', 'fetched_at': '2026-07-08T23:08:00.711345+00:00'}
2026-07-08 23:08:00,972 [INFO] automation.scheduler.run_job: [4/4] Simpan ke staging mulai
2026-07-08 23:08:00,973 [INFO] automation.storage.staging_writer: staging_write source=usd_idr key=2026-07 path=/home/runner/work/BaliGuard-Early-Warning-System/BaliGuard-Early-Warning-System/automation/data/staging/usd_idr/2026-07.json
2026-07-08 23:08:00,973 [INFO] automation.scheduler.run_job: [4/4] Tersimpan di: /home/runner/work/BaliGuard-Early-Warning-System/BaliGuard-Early-Warning-System/automation/data/staging/usd_idr/2026-07.json
2026-07-08 23:08:00,973 [INFO] automation.scheduler.run_job: Job usd_idr SELESAI sukses untuk month=2026-07
2026-07-09 23:12:15,049 [INFO] automation.scheduler.run_job: [1/4] Fetch USD/IDR mulai (target_month=current)
2026-07-09 23:12:15,335 [INFO] automation.fetch.usd_idr: fetch_usd_idr_latest result={'month': '2026-07', 'usd_idr_avg': 18058.21, 'usd_idr_source': 'exchangerate-api', 'fetched_at': '2026-07-09T23:12:15.049833+00:00'}
2026-07-09 23:12:15,335 [INFO] automation.scheduler.run_job: [1/4] Fetch selesai: {'month': '2026-07', 'usd_idr_avg': 18058.21, 'usd_idr_source': 'exchangerate-api', 'fetched_at': '2026-07-09T23:12:15.049833+00:00'}
2026-07-09 23:12:15,335 [INFO] automation.scheduler.run_job: [2/4] Validasi mulai
2026-07-09 23:12:15,335 [INFO] automation.scheduler.run_job: [2/4] Validasi lolos
2026-07-09 23:12:15,335 [INFO] automation.scheduler.run_job: [3/4] Cleaning ringan mulai
2026-07-09 23:12:15,335 [INFO] automation.scheduler.run_job: [3/4] Cleaning selesai: {'month': '2026-07', 'usd_idr_avg': 18058.21, 'usd_idr_source': 'exchangerate-api', 'fetched_at': '2026-07-09T23:12:15.049833+00:00'}
2026-07-09 23:12:15,335 [INFO] automation.scheduler.run_job: [4/4] Simpan ke staging mulai
2026-07-09 23:12:15,336 [INFO] automation.storage.staging_writer: staging_write source=usd_idr key=2026-07 path=/home/runner/work/BaliGuard-Early-Warning-System/BaliGuard-Early-Warning-System/automation/data/staging/usd_idr/2026-07.json
2026-07-09 23:12:15,336 [INFO] automation.scheduler.run_job: [4/4] Tersimpan di: /home/runner/work/BaliGuard-Early-Warning-System/BaliGuard-Early-Warning-System/automation/data/staging/usd_idr/2026-07.json
2026-07-09 23:12:15,336 [INFO] automation.scheduler.run_job: Job usd_idr SELESAI sukses untuk month=2026-07
2026-07-10 22:59:44,840 [INFO] automation.scheduler.run_job: [1/4] Fetch USD/IDR mulai (target_month=current)
2026-07-10 22:59:44,976 [INFO] automation.fetch.usd_idr: fetch_usd_idr_latest result={'month': '2026-07', 'usd_idr_avg': 18099.05, 'usd_idr_source': 'exchangerate-api', 'fetched_at': '2026-07-10T22:59:44.840553+00:00'}
2026-07-10 22:59:44,977 [INFO] automation.scheduler.run_job: [1/4] Fetch selesai: {'month': '2026-07', 'usd_idr_avg': 18099.05, 'usd_idr_source': 'exchangerate-api', 'fetched_at': '2026-07-10T22:59:44.840553+00:00'}
2026-07-10 22:59:44,977 [INFO] automation.scheduler.run_job: [2/4] Validasi mulai
2026-07-10 22:59:44,977 [INFO] automation.scheduler.run_job: [2/4] Validasi lolos
2026-07-10 22:59:44,977 [INFO] automation.scheduler.run_job: [3/4] Cleaning ringan mulai
2026-07-10 22:59:44,977 [INFO] automation.scheduler.run_job: [3/4] Cleaning selesai: {'month': '2026-07', 'usd_idr_avg': 18099.05, 'usd_idr_source': 'exchangerate-api', 'fetched_at': '2026-07-10T22:59:44.840553+00:00'}
2026-07-10 22:59:44,977 [INFO] automation.scheduler.run_job: [4/4] Simpan ke staging mulai
2026-07-10 22:59:44,977 [INFO] automation.storage.staging_writer: staging_write source=usd_idr key=2026-07 path=/home/runner/work/BaliGuard-Early-Warning-System/BaliGuard-Early-Warning-System/automation/data/staging/usd_idr/2026-07.json
2026-07-10 22:59:44,977 [INFO] automation.scheduler.run_job: [4/4] Tersimpan di: /home/runner/work/BaliGuard-Early-Warning-System/BaliGuard-Early-Warning-System/automation/data/staging/usd_idr/2026-07.json
2026-07-10 22:59:44,977 [INFO] automation.scheduler.run_job: Job usd_idr SELESAI sukses untuk month=2026-07
2026-07-11 22:48:46,017 [INFO] automation.scheduler.run_job: [1/4] Fetch USD/IDR mulai (target_month=current)
2026-07-11 22:48:46,271 [INFO] automation.fetch.usd_idr: fetch_usd_idr_latest result={'month': '2026-07', 'usd_idr_avg': 18097.75, 'usd_idr_source': 'exchangerate-api', 'fetched_at': '2026-07-11T22:48:46.017279+00:00'}
2026-07-11 22:48:46,272 [INFO] automation.scheduler.run_job: [1/4] Fetch selesai: {'month': '2026-07', 'usd_idr_avg': 18097.75, 'usd_idr_source': 'exchangerate-api', 'fetched_at': '2026-07-11T22:48:46.017279+00:00'}
2026-07-11 22:48:46,272 [INFO] automation.scheduler.run_job: [2/4] Validasi mulai
2026-07-11 22:48:46,272 [INFO] automation.scheduler.run_job: [2/4] Validasi lolos
2026-07-11 22:48:46,272 [INFO] automation.scheduler.run_job: [3/4] Cleaning ringan mulai
2026-07-11 22:48:46,272 [INFO] automation.scheduler.run_job: [3/4] Cleaning selesai: {'month': '2026-07', 'usd_idr_avg': 18097.75, 'usd_idr_source': 'exchangerate-api', 'fetched_at': '2026-07-11T22:48:46.017279+00:00'}
2026-07-11 22:48:46,272 [INFO] automation.scheduler.run_job: [4/4] Simpan ke staging mulai
2026-07-11 22:48:46,272 [INFO] automation.storage.staging_writer: staging_write source=usd_idr key=2026-07 path=/home/runner/work/BaliGuard-Early-Warning-System/BaliGuard-Early-Warning-System/automation/data/staging/usd_idr/2026-07.json
2026-07-11 22:48:46,272 [INFO] automation.scheduler.run_job: [4/4] Tersimpan di: /home/runner/work/BaliGuard-Early-Warning-System/BaliGuard-Early-Warning-System/automation/data/staging/usd_idr/2026-07.json
2026-07-11 22:48:46,273 [INFO] automation.scheduler.run_job: Job usd_idr SELESAI sukses untuk month=2026-07
2026-07-12 22:49:13,336 [INFO] automation.scheduler.run_job: [1/4] Fetch USD/IDR mulai (target_month=current)
2026-07-12 22:49:13,655 [INFO] automation.fetch.usd_idr: fetch_usd_idr_latest result={'month': '2026-07', 'usd_idr_avg': 18090.75, 'usd_idr_source': 'exchangerate-api', 'fetched_at': '2026-07-12T22:49:13.336525+00:00'}
2026-07-12 22:49:13,655 [INFO] automation.scheduler.run_job: [1/4] Fetch selesai: {'month': '2026-07', 'usd_idr_avg': 18090.75, 'usd_idr_source': 'exchangerate-api', 'fetched_at': '2026-07-12T22:49:13.336525+00:00'}
2026-07-12 22:49:13,656 [INFO] automation.scheduler.run_job: [2/4] Validasi mulai
2026-07-12 22:49:13,656 [INFO] automation.scheduler.run_job: [2/4] Validasi lolos
2026-07-12 22:49:13,656 [INFO] automation.scheduler.run_job: [3/4] Cleaning ringan mulai
2026-07-12 22:49:13,656 [INFO] automation.scheduler.run_job: [3/4] Cleaning selesai: {'month': '2026-07', 'usd_idr_avg': 18090.75, 'usd_idr_source': 'exchangerate-api', 'fetched_at': '2026-07-12T22:49:13.336525+00:00'}
2026-07-12 22:49:13,656 [INFO] automation.scheduler.run_job: [4/4] Simpan ke staging mulai
2026-07-12 22:49:13,656 [INFO] automation.storage.staging_writer: staging_write source=usd_idr key=2026-07 path=/home/runner/work/BaliGuard-Early-Warning-System/BaliGuard-Early-Warning-System/automation/data/staging/usd_idr/2026-07.json
2026-07-12 22:49:13,656 [INFO] automation.scheduler.run_job: [4/4] Tersimpan di: /home/runner/work/BaliGuard-Early-Warning-System/BaliGuard-Early-Warning-System/automation/data/staging/usd_idr/2026-07.json
2026-07-12 22:49:13,656 [INFO] automation.scheduler.run_job: Job usd_idr SELESAI sukses untuk month=2026-07
2026-07-13 22:56:34,069 [INFO] automation.scheduler.run_job: [1/4] Fetch USD/IDR mulai (target_month=current)
2026-07-13 22:56:34,315 [INFO] automation.fetch.usd_idr: fetch_usd_idr_latest result={'month': '2026-07', 'usd_idr_avg': 18071.15, 'usd_idr_source': 'exchangerate-api', 'fetched_at': '2026-07-13T22:56:34.069533+00:00'}
2026-07-13 22:56:34,315 [INFO] automation.scheduler.run_job: [1/4] Fetch selesai: {'month': '2026-07', 'usd_idr_avg': 18071.15, 'usd_idr_source': 'exchangerate-api', 'fetched_at': '2026-07-13T22:56:34.069533+00:00'}
2026-07-13 22:56:34,315 [INFO] automation.scheduler.run_job: [2/4] Validasi mulai
2026-07-13 22:56:34,315 [INFO] automation.scheduler.run_job: [2/4] Validasi lolos
2026-07-13 22:56:34,315 [INFO] automation.scheduler.run_job: [3/4] Cleaning ringan mulai
2026-07-13 22:56:34,315 [INFO] automation.scheduler.run_job: [3/4] Cleaning selesai: {'month': '2026-07', 'usd_idr_avg': 18071.15, 'usd_idr_source': 'exchangerate-api', 'fetched_at': '2026-07-13T22:56:34.069533+00:00'}
2026-07-13 22:56:34,315 [INFO] automation.scheduler.run_job: [4/4] Simpan ke staging mulai
2026-07-13 22:56:34,316 [INFO] automation.storage.staging_writer: staging_write source=usd_idr key=2026-07 path=/home/runner/work/BaliGuard-Early-Warning-System/BaliGuard-Early-Warning-System/automation/data/staging/usd_idr/2026-07.json
2026-07-13 22:56:34,316 [INFO] automation.scheduler.run_job: [4/4] Tersimpan di: /home/runner/work/BaliGuard-Early-Warning-System/BaliGuard-Early-Warning-System/automation/data/staging/usd_idr/2026-07.json
2026-07-13 22:56:34,316 [INFO] automation.scheduler.run_job: Job usd_idr SELESAI sukses untuk month=2026-07
2026-07-14 22:56:57,022 [INFO] automation.scheduler.run_job: [1/4] Fetch USD/IDR mulai (target_month=current)
2026-07-14 22:56:57,314 [INFO] automation.fetch.usd_idr: fetch_usd_idr_latest result={'month': '2026-07', 'usd_idr_avg': 18119.39, 'usd_idr_source': 'exchangerate-api', 'fetched_at': '2026-07-14T22:56:57.022669+00:00'}
2026-07-14 22:56:57,314 [INFO] automation.scheduler.run_job: [1/4] Fetch selesai: {'month': '2026-07', 'usd_idr_avg': 18119.39, 'usd_idr_source': 'exchangerate-api', 'fetched_at': '2026-07-14T22:56:57.022669+00:00'}
2026-07-14 22:56:57,314 [INFO] automation.scheduler.run_job: [2/4] Validasi mulai
2026-07-14 22:56:57,314 [INFO] automation.scheduler.run_job: [2/4] Validasi lolos
2026-07-14 22:56:57,314 [INFO] automation.scheduler.run_job: [3/4] Cleaning ringan mulai
2026-07-14 22:56:57,314 [INFO] automation.scheduler.run_job: [3/4] Cleaning selesai: {'month': '2026-07', 'usd_idr_avg': 18119.39, 'usd_idr_source': 'exchangerate-api', 'fetched_at': '2026-07-14T22:56:57.022669+00:00'}
2026-07-14 22:56:57,314 [INFO] automation.scheduler.run_job: [4/4] Simpan ke staging mulai
2026-07-14 22:56:57,315 [INFO] automation.storage.staging_writer: staging_write source=usd_idr key=2026-07 path=/home/runner/work/BaliGuard-Early-Warning-System/BaliGuard-Early-Warning-System/automation/data/staging/usd_idr/2026-07.json
2026-07-14 22:56:57,315 [INFO] automation.scheduler.run_job: [4/4] Tersimpan di: /home/runner/work/BaliGuard-Early-Warning-System/BaliGuard-Early-Warning-System/automation/data/staging/usd_idr/2026-07.json
2026-07-14 22:56:57,315 [INFO] automation.scheduler.run_job: Job usd_idr SELESAI sukses untuk month=2026-07
2026-07-15 22:58:39,751 [INFO] automation.scheduler.run_job: [1/4] Fetch USD/IDR mulai (target_month=current)
2026-07-15 22:58:40,080 [INFO] automation.fetch.usd_idr: fetch_usd_idr_latest result={'month': '2026-07', 'usd_idr_avg': 18080.3, 'usd_idr_source': 'exchangerate-api', 'fetched_at': '2026-07-15T22:58:39.752045+00:00'}
2026-07-15 22:58:40,081 [INFO] automation.scheduler.run_job: [1/4] Fetch selesai: {'month': '2026-07', 'usd_idr_avg': 18080.3, 'usd_idr_source': 'exchangerate-api', 'fetched_at': '2026-07-15T22:58:39.752045+00:00'}
2026-07-15 22:58:40,081 [INFO] automation.scheduler.run_job: [2/4] Validasi mulai
2026-07-15 22:58:40,081 [INFO] automation.scheduler.run_job: [2/4] Validasi lolos
2026-07-15 22:58:40,081 [INFO] automation.scheduler.run_job: [3/4] Cleaning ringan mulai
2026-07-15 22:58:40,081 [INFO] automation.scheduler.run_job: [3/4] Cleaning selesai: {'month': '2026-07', 'usd_idr_avg': 18080.3, 'usd_idr_source': 'exchangerate-api', 'fetched_at': '2026-07-15T22:58:39.752045+00:00'}
2026-07-15 22:58:40,081 [INFO] automation.scheduler.run_job: [4/4] Simpan ke staging mulai
2026-07-15 22:58:40,081 [INFO] automation.storage.staging_writer: staging_write source=usd_idr key=2026-07 path=/home/runner/work/BaliGuard-Early-Warning-System/BaliGuard-Early-Warning-System/automation/data/staging/usd_idr/2026-07.json
2026-07-15 22:58:40,081 [INFO] automation.scheduler.run_job: [4/4] Tersimpan di: /home/runner/work/BaliGuard-Early-Warning-System/BaliGuard-Early-Warning-System/automation/data/staging/usd_idr/2026-07.json
2026-07-15 22:58:40,082 [INFO] automation.scheduler.run_job: Job usd_idr SELESAI sukses untuk month=2026-07
2026-07-16 22:57:14,814 [INFO] automation.scheduler.run_job: [1/4] Fetch USD/IDR mulai (target_month=current)
2026-07-16 22:57:14,868 [INFO] automation.fetch.usd_idr: fetch_usd_idr_latest result={'month': '2026-07', 'usd_idr_avg': 18074.01, 'usd_idr_source': 'exchangerate-api', 'fetched_at': '2026-07-16T22:57:14.814274+00:00'}
2026-07-16 22:57:14,868 [INFO] automation.scheduler.run_job: [1/4] Fetch selesai: {'month': '2026-07', 'usd_idr_avg': 18074.01, 'usd_idr_source': 'exchangerate-api', 'fetched_at': '2026-07-16T22:57:14.814274+00:00'}
2026-07-16 22:57:14,868 [INFO] automation.scheduler.run_job: [2/4] Validasi mulai
2026-07-16 22:57:14,868 [INFO] automation.scheduler.run_job: [2/4] Validasi lolos
2026-07-16 22:57:14,868 [INFO] automation.scheduler.run_job: [3/4] Cleaning ringan mulai
2026-07-16 22:57:14,868 [INFO] automation.scheduler.run_job: [3/4] Cleaning selesai: {'month': '2026-07', 'usd_idr_avg': 18074.01, 'usd_idr_source': 'exchangerate-api', 'fetched_at': '2026-07-16T22:57:14.814274+00:00'}
2026-07-16 22:57:14,869 [INFO] automation.scheduler.run_job: [4/4] Simpan ke staging mulai
2026-07-16 22:57:14,869 [INFO] automation.storage.staging_writer: staging_write source=usd_idr key=2026-07 path=/home/runner/work/BaliGuard-Early-Warning-System/BaliGuard-Early-Warning-System/automation/data/staging/usd_idr/2026-07.json
2026-07-16 22:57:14,869 [INFO] automation.scheduler.run_job: [4/4] Tersimpan di: /home/runner/work/BaliGuard-Early-Warning-System/BaliGuard-Early-Warning-System/automation/data/staging/usd_idr/2026-07.json
2026-07-16 22:57:14,869 [INFO] automation.scheduler.run_job: Job usd_idr SELESAI sukses untuk month=2026-07
2026-07-17 22:51:28,204 [INFO] automation.scheduler.run_job: [1/4] Fetch USD/IDR mulai (target_month=current)
2026-07-17 22:51:28,412 [INFO] automation.fetch.usd_idr: fetch_usd_idr_latest result={'month': '2026-07', 'usd_idr_avg': 17992.31, 'usd_idr_source': 'exchangerate-api', 'fetched_at': '2026-07-17T22:51:28.204535+00:00'}
2026-07-17 22:51:28,412 [INFO] automation.scheduler.run_job: [1/4] Fetch selesai: {'month': '2026-07', 'usd_idr_avg': 17992.31, 'usd_idr_source': 'exchangerate-api', 'fetched_at': '2026-07-17T22:51:28.204535+00:00'}
2026-07-17 22:51:28,412 [INFO] automation.scheduler.run_job: [2/4] Validasi mulai
2026-07-17 22:51:28,412 [INFO] automation.scheduler.run_job: [2/4] Validasi lolos
2026-07-17 22:51:28,412 [INFO] automation.scheduler.run_job: [3/4] Cleaning ringan mulai
2026-07-17 22:51:28,412 [INFO] automation.scheduler.run_job: [3/4] Cleaning selesai: {'month': '2026-07', 'usd_idr_avg': 17992.31, 'usd_idr_source': 'exchangerate-api', 'fetched_at': '2026-07-17T22:51:28.204535+00:00'}
2026-07-17 22:51:28,412 [INFO] automation.scheduler.run_job: [4/4] Simpan ke staging mulai
2026-07-17 22:51:28,412 [INFO] automation.storage.staging_writer: staging_write source=usd_idr key=2026-07 path=/home/runner/work/BaliGuard-Early-Warning-System/BaliGuard-Early-Warning-System/automation/data/staging/usd_idr/2026-07.json
2026-07-17 22:51:28,413 [INFO] automation.scheduler.run_job: [4/4] Tersimpan di: /home/runner/work/BaliGuard-Early-Warning-System/BaliGuard-Early-Warning-System/automation/data/staging/usd_idr/2026-07.json
2026-07-17 22:51:28,413 [INFO] automation.scheduler.run_job: Job usd_idr SELESAI sukses untuk month=2026-07
2026-07-18 22:50:26,895 [INFO] automation.scheduler.run_job: [1/4] Fetch USD/IDR mulai (target_month=current)
2026-07-18 22:50:26,952 [INFO] automation.fetch.usd_idr: fetch_usd_idr_latest result={'month': '2026-07', 'usd_idr_avg': 17966.85, 'usd_idr_source': 'exchangerate-api', 'fetched_at': '2026-07-18T22:50:26.895747+00:00'}
2026-07-18 22:50:26,952 [INFO] automation.scheduler.run_job: [1/4] Fetch selesai: {'month': '2026-07', 'usd_idr_avg': 17966.85, 'usd_idr_source': 'exchangerate-api', 'fetched_at': '2026-07-18T22:50:26.895747+00:00'}
2026-07-18 22:50:26,952 [INFO] automation.scheduler.run_job: [2/4] Validasi mulai
2026-07-18 22:50:26,953 [INFO] automation.scheduler.run_job: [2/4] Validasi lolos
2026-07-18 22:50:26,953 [INFO] automation.scheduler.run_job: [3/4] Cleaning ringan mulai
2026-07-18 22:50:26,953 [INFO] automation.scheduler.run_job: [3/4] Cleaning selesai: {'month': '2026-07', 'usd_idr_avg': 17966.85, 'usd_idr_source': 'exchangerate-api', 'fetched_at': '2026-07-18T22:50:26.895747+00:00'}
2026-07-18 22:50:26,953 [INFO] automation.scheduler.run_job: [4/4] Simpan ke staging mulai
2026-07-18 22:50:26,953 [INFO] automation.storage.staging_writer: staging_write source=usd_idr key=2026-07 path=/home/runner/work/BaliGuard-Early-Warning-System/BaliGuard-Early-Warning-System/automation/data/staging/usd_idr/2026-07.json
2026-07-18 22:50:26,953 [INFO] automation.scheduler.run_job: [4/4] Tersimpan di: /home/runner/work/BaliGuard-Early-Warning-System/BaliGuard-Early-Warning-System/automation/data/staging/usd_idr/2026-07.json
2026-07-18 22:50:26,953 [INFO] automation.scheduler.run_job: Job usd_idr SELESAI sukses untuk month=2026-07
2026-07-19 22:52:34,972 [INFO] automation.scheduler.run_job: [1/4] Fetch USD/IDR mulai (target_month=current)
2026-07-19 22:52:35,186 [INFO] automation.fetch.usd_idr: fetch_usd_idr_latest result={'month': '2026-07', 'usd_idr_avg': 17958.45, 'usd_idr_source': 'exchangerate-api', 'fetched_at': '2026-07-19T22:52:34.973073+00:00'}
2026-07-19 22:52:35,186 [INFO] automation.scheduler.run_job: [1/4] Fetch selesai: {'month': '2026-07', 'usd_idr_avg': 17958.45, 'usd_idr_source': 'exchangerate-api', 'fetched_at': '2026-07-19T22:52:34.973073+00:00'}
2026-07-19 22:52:35,186 [INFO] automation.scheduler.run_job: [2/4] Validasi mulai
2026-07-19 22:52:35,186 [INFO] automation.scheduler.run_job: [2/4] Validasi lolos
2026-07-19 22:52:35,187 [INFO] automation.scheduler.run_job: [3/4] Cleaning ringan mulai
2026-07-19 22:52:35,187 [INFO] automation.scheduler.run_job: [3/4] Cleaning selesai: {'month': '2026-07', 'usd_idr_avg': 17958.45, 'usd_idr_source': 'exchangerate-api', 'fetched_at': '2026-07-19T22:52:34.973073+00:00'}
2026-07-19 22:52:35,187 [INFO] automation.scheduler.run_job: [4/4] Simpan ke staging mulai
2026-07-19 22:52:35,187 [INFO] automation.storage.staging_writer: staging_write source=usd_idr key=2026-07 path=/home/runner/work/BaliGuard-Early-Warning-System/BaliGuard-Early-Warning-System/automation/data/staging/usd_idr/2026-07.json
2026-07-19 22:52:35,187 [INFO] automation.scheduler.run_job: [4/4] Tersimpan di: /home/runner/work/BaliGuard-Early-Warning-System/BaliGuard-Early-Warning-System/automation/data/staging/usd_idr/2026-07.json
2026-07-19 22:52:35,187 [INFO] automation.scheduler.run_job: Job usd_idr SELESAI sukses untuk month=2026-07
2026-07-20 23:00:58,658 [INFO] automation.scheduler.run_job: [1/4] Fetch USD/IDR mulai (target_month=current)
2026-07-20 23:00:58,721 [INFO] automation.fetch.usd_idr: fetch_usd_idr_latest result={'month': '2026-07', 'usd_idr_avg': 17944.1, 'usd_idr_source': 'exchangerate-api', 'fetched_at': '2026-07-20T23:00:58.658862+00:00'}
2026-07-20 23:00:58,721 [INFO] automation.scheduler.run_job: [1/4] Fetch selesai: {'month': '2026-07', 'usd_idr_avg': 17944.1, 'usd_idr_source': 'exchangerate-api', 'fetched_at': '2026-07-20T23:00:58.658862+00:00'}
2026-07-20 23:00:58,721 [INFO] automation.scheduler.run_job: [2/4] Validasi mulai
2026-07-20 23:00:58,721 [INFO] automation.scheduler.run_job: [2/4] Validasi lolos
2026-07-20 23:00:58,721 [INFO] automation.scheduler.run_job: [3/4] Cleaning ringan mulai
2026-07-20 23:00:58,721 [INFO] automation.scheduler.run_job: [3/4] Cleaning selesai: {'month': '2026-07', 'usd_idr_avg': 17944.1, 'usd_idr_source': 'exchangerate-api', 'fetched_at': '2026-07-20T23:00:58.658862+00:00'}
2026-07-20 23:00:58,721 [INFO] automation.scheduler.run_job: [4/4] Simpan ke staging mulai
2026-07-20 23:00:58,722 [INFO] automation.storage.staging_writer: staging_write source=usd_idr key=2026-07 path=/home/runner/work/BaliGuard-Early-Warning-System/BaliGuard-Early-Warning-System/automation/data/staging/usd_idr/2026-07.json
2026-07-20 23:00:58,722 [INFO] automation.scheduler.run_job: [4/4] Tersimpan di: /home/runner/work/BaliGuard-Early-Warning-System/BaliGuard-Early-Warning-System/automation/data/staging/usd_idr/2026-07.json
2026-07-20 23:00:58,722 [INFO] automation.scheduler.run_job: Job usd_idr SELESAI sukses untuk month=2026-07
2026-07-21 22:57:15,021 [INFO] automation.scheduler.run_job: [1/4] Fetch USD/IDR mulai (target_month=current)
2026-07-21 22:57:15,345 [INFO] automation.fetch.usd_idr: fetch_usd_idr_latest result={'month': '2026-07', 'usd_idr_avg': 17968.1, 'usd_idr_source': 'exchangerate-api', 'fetched_at': '2026-07-21T22:57:15.021928+00:00'}
2026-07-21 22:57:15,345 [INFO] automation.scheduler.run_job: [1/4] Fetch selesai: {'month': '2026-07', 'usd_idr_avg': 17968.1, 'usd_idr_source': 'exchangerate-api', 'fetched_at': '2026-07-21T22:57:15.021928+00:00'}
2026-07-21 22:57:15,345 [INFO] automation.scheduler.run_job: [2/4] Validasi mulai
2026-07-21 22:57:15,345 [INFO] automation.scheduler.run_job: [2/4] Validasi lolos
2026-07-21 22:57:15,346 [INFO] automation.scheduler.run_job: [3/4] Cleaning ringan mulai
2026-07-21 22:57:15,346 [INFO] automation.scheduler.run_job: [3/4] Cleaning selesai: {'month': '2026-07', 'usd_idr_avg': 17968.1, 'usd_idr_source': 'exchangerate-api', 'fetched_at': '2026-07-21T22:57:15.021928+00:00'}
2026-07-21 22:57:15,346 [INFO] automation.scheduler.run_job: [4/4] Simpan ke staging mulai
2026-07-21 22:57:15,346 [INFO] automation.storage.staging_writer: staging_write source=usd_idr key=2026-07 path=/home/runner/work/BaliGuard-Early-Warning-System/BaliGuard-Early-Warning-System/automation/data/staging/usd_idr/2026-07.json
2026-07-21 22:57:15,346 [INFO] automation.scheduler.run_job: [4/4] Tersimpan di: /home/runner/work/BaliGuard-Early-Warning-System/BaliGuard-Early-Warning-System/automation/data/staging/usd_idr/2026-07.json
2026-07-21 22:57:15,346 [INFO] automation.scheduler.run_job: Job usd_idr SELESAI sukses untuk month=2026-07
2026-07-22 23:03:45,719 [INFO] automation.scheduler.run_job: [1/4] Fetch USD/IDR mulai (target_month=current)
2026-07-22 23:03:45,972 [INFO] automation.fetch.usd_idr: fetch_usd_idr_latest result={'month': '2026-07', 'usd_idr_avg': 17905.3, 'usd_idr_source': 'exchangerate-api', 'fetched_at': '2026-07-22T23:03:45.719236+00:00'}
2026-07-22 23:03:45,972 [INFO] automation.scheduler.run_job: [1/4] Fetch selesai: {'month': '2026-07', 'usd_idr_avg': 17905.3, 'usd_idr_source': 'exchangerate-api', 'fetched_at': '2026-07-22T23:03:45.719236+00:00'}
2026-07-22 23:03:45,972 [INFO] automation.scheduler.run_job: [2/4] Validasi mulai
2026-07-22 23:03:45,972 [INFO] automation.scheduler.run_job: [2/4] Validasi lolos
2026-07-22 23:03:45,972 [INFO] automation.scheduler.run_job: [3/4] Cleaning ringan mulai
2026-07-22 23:03:45,972 [INFO] automation.scheduler.run_job: [3/4] Cleaning selesai: {'month': '2026-07', 'usd_idr_avg': 17905.3, 'usd_idr_source': 'exchangerate-api', 'fetched_at': '2026-07-22T23:03:45.719236+00:00'}
2026-07-22 23:03:45,972 [INFO] automation.scheduler.run_job: [4/4] Simpan ke staging mulai
2026-07-22 23:03:45,972 [INFO] automation.storage.staging_writer: staging_write source=usd_idr key=2026-07 path=/home/runner/work/BaliGuard-Early-Warning-System/BaliGuard-Early-Warning-System/automation/data/staging/usd_idr/2026-07.json
2026-07-22 23:03:45,972 [INFO] automation.scheduler.run_job: [4/4] Tersimpan di: /home/runner/work/BaliGuard-Early-Warning-System/BaliGuard-Early-Warning-System/automation/data/staging/usd_idr/2026-07.json
2026-07-22 23:03:45,973 [INFO] automation.scheduler.run_job: Job usd_idr SELESAI sukses untuk month=2026-07
2026-07-23 22:57:07,405 [INFO] automation.scheduler.run_job: [1/4] Fetch USD/IDR mulai (target_month=current)
2026-07-23 22:57:07,713 [INFO] automation.fetch.usd_idr: fetch_usd_idr_latest result={'month': '2026-07', 'usd_idr_avg': 17903.47, 'usd_idr_source': 'exchangerate-api', 'fetched_at': '2026-07-23T22:57:07.405354+00:00'}
2026-07-23 22:57:07,713 [INFO] automation.scheduler.run_job: [1/4] Fetch selesai: {'month': '2026-07', 'usd_idr_avg': 17903.47, 'usd_idr_source': 'exchangerate-api', 'fetched_at': '2026-07-23T22:57:07.405354+00:00'}
2026-07-23 22:57:07,713 [INFO] automation.scheduler.run_job: [2/4] Validasi mulai
2026-07-23 22:57:07,714 [INFO] automation.scheduler.run_job: [2/4] Validasi lolos
2026-07-23 22:57:07,714 [INFO] automation.scheduler.run_job: [3/4] Cleaning ringan mulai
2026-07-23 22:57:07,714 [INFO] automation.scheduler.run_job: [3/4] Cleaning selesai: {'month': '2026-07', 'usd_idr_avg': 17903.47, 'usd_idr_source': 'exchangerate-api', 'fetched_at': '2026-07-23T22:57:07.405354+00:00'}
2026-07-23 22:57:07,714 [INFO] automation.scheduler.run_job: [4/4] Simpan ke staging mulai
2026-07-23 22:57:07,714 [INFO] automation.storage.staging_writer: staging_write source=usd_idr key=2026-07 path=/home/runner/work/BaliGuard-Early-Warning-System/BaliGuard-Early-Warning-System/automation/data/staging/usd_idr/2026-07.json
2026-07-23 22:57:07,714 [INFO] automation.scheduler.run_job: [4/4] Tersimpan di: /home/runner/work/BaliGuard-Early-Warning-System/BaliGuard-Early-Warning-System/automation/data/staging/usd_idr/2026-07.json
2026-07-23 22:57:07,714 [INFO] automation.scheduler.run_job: Job usd_idr SELESAI sukses untuk month=2026-07
2026-07-24 23:02:20,377 [INFO] automation.scheduler.run_job: [1/4] Fetch USD/IDR mulai (target_month=current)
2026-07-24 23:02:20,520 [INFO] automation.fetch.usd_idr: fetch_usd_idr_latest result={'month': '2026-07', 'usd_idr_avg': 17944.39, 'usd_idr_source': 'exchangerate-api', 'fetched_at': '2026-07-24T23:02:20.377958+00:00'}
2026-07-24 23:02:20,520 [INFO] automation.scheduler.run_job: [1/4] Fetch selesai: {'month': '2026-07', 'usd_idr_avg': 17944.39, 'usd_idr_source': 'exchangerate-api', 'fetched_at': '2026-07-24T23:02:20.377958+00:00'}
2026-07-24 23:02:20,520 [INFO] automation.scheduler.run_job: [2/4] Validasi mulai
2026-07-24 23:02:20,520 [INFO] automation.scheduler.run_job: [2/4] Validasi lolos
2026-07-24 23:02:20,520 [INFO] automation.scheduler.run_job: [3/4] Cleaning ringan mulai
2026-07-24 23:02:20,520 [INFO] automation.scheduler.run_job: [3/4] Cleaning selesai: {'month': '2026-07', 'usd_idr_avg': 17944.39, 'usd_idr_source': 'exchangerate-api', 'fetched_at': '2026-07-24T23:02:20.377958+00:00'}
2026-07-24 23:02:20,520 [INFO] automation.scheduler.run_job: [4/4] Simpan ke staging mulai
2026-07-24 23:02:20,521 [INFO] automation.storage.staging_writer: staging_write source=usd_idr key=2026-07 path=/home/runner/work/BaliGuard-Early-Warning-System/BaliGuard-Early-Warning-System/automation/data/staging/usd_idr/2026-07.json
2026-07-24 23:02:20,521 [INFO] automation.scheduler.run_job: [4/4] Tersimpan di: /home/runner/work/BaliGuard-Early-Warning-System/BaliGuard-Early-Warning-System/automation/data/staging/usd_idr/2026-07.json
2026-07-24 23:02:20,521 [INFO] automation.scheduler.run_job: Job usd_idr SELESAI sukses untuk month=2026-07
2026-07-25 22:56:26,943 [INFO] automation.scheduler.run_job: [1/4] Fetch USD/IDR mulai (target_month=current)
2026-07-25 22:56:27,163 [INFO] automation.fetch.usd_idr: fetch_usd_idr_latest result={'month': '2026-07', 'usd_idr_avg': 17923.73, 'usd_idr_source': 'exchangerate-api', 'fetched_at': '2026-07-25T22:56:26.943864+00:00'}
2026-07-25 22:56:27,163 [INFO] automation.scheduler.run_job: [1/4] Fetch selesai: {'month': '2026-07', 'usd_idr_avg': 17923.73, 'usd_idr_source': 'exchangerate-api', 'fetched_at': '2026-07-25T22:56:26.943864+00:00'}
2026-07-25 22:56:27,163 [INFO] automation.scheduler.run_job: [2/4] Validasi mulai
2026-07-25 22:56:27,163 [INFO] automation.scheduler.run_job: [2/4] Validasi lolos
2026-07-25 22:56:27,163 [INFO] automation.scheduler.run_job: [3/4] Cleaning ringan mulai
2026-07-25 22:56:27,163 [INFO] automation.scheduler.run_job: [3/4] Cleaning selesai: {'month': '2026-07', 'usd_idr_avg': 17923.73, 'usd_idr_source': 'exchangerate-api', 'fetched_at': '2026-07-25T22:56:26.943864+00:00'}
2026-07-25 22:56:27,163 [INFO] automation.scheduler.run_job: [4/4] Simpan ke staging mulai
2026-07-25 22:56:27,164 [INFO] automation.storage.staging_writer: staging_write source=usd_idr key=2026-07 path=/home/runner/work/BaliGuard-Early-Warning-System/BaliGuard-Early-Warning-System/automation/data/staging/usd_idr/2026-07.json
2026-07-25 22:56:27,164 [INFO] automation.scheduler.run_job: [4/4] Tersimpan di: /home/runner/work/BaliGuard-Early-Warning-System/BaliGuard-Early-Warning-System/automation/data/staging/usd_idr/2026-07.json
2026-07-25 22:56:27,164 [INFO] automation.scheduler.run_job: Job usd_idr SELESAI sukses untuk month=2026-07
2026-07-26 22:58:49,528 [INFO] automation.scheduler.run_job: [1/4] Fetch USD/IDR mulai (target_month=current)
2026-07-26 22:58:49,584 [INFO] automation.fetch.usd_idr: fetch_usd_idr_latest result={'month': '2026-07', 'usd_idr_avg': 17935.47, 'usd_idr_source': 'exchangerate-api', 'fetched_at': '2026-07-26T22:58:49.528488+00:00'}
2026-07-26 22:58:49,584 [INFO] automation.scheduler.run_job: [1/4] Fetch selesai: {'month': '2026-07', 'usd_idr_avg': 17935.47, 'usd_idr_source': 'exchangerate-api', 'fetched_at': '2026-07-26T22:58:49.528488+00:00'}
2026-07-26 22:58:49,584 [INFO] automation.scheduler.run_job: [2/4] Validasi mulai
2026-07-26 22:58:49,584 [INFO] automation.scheduler.run_job: [2/4] Validasi lolos
2026-07-26 22:58:49,584 [INFO] automation.scheduler.run_job: [3/4] Cleaning ringan mulai
2026-07-26 22:58:49,585 [INFO] automation.scheduler.run_job: [3/4] Cleaning selesai: {'month': '2026-07', 'usd_idr_avg': 17935.47, 'usd_idr_source': 'exchangerate-api', 'fetched_at': '2026-07-26T22:58:49.528488+00:00'}
2026-07-26 22:58:49,585 [INFO] automation.scheduler.run_job: [4/4] Simpan ke staging mulai
2026-07-26 22:58:49,585 [INFO] automation.storage.staging_writer: staging_write source=usd_idr key=2026-07 path=/home/runner/work/BaliGuard-Early-Warning-System/BaliGuard-Early-Warning-System/automation/data/staging/usd_idr/2026-07.json
2026-07-26 22:58:49,585 [INFO] automation.scheduler.run_job: [4/4] Tersimpan di: /home/runner/work/BaliGuard-Early-Warning-System/BaliGuard-Early-Warning-System/automation/data/staging/usd_idr/2026-07.json
2026-07-26 22:58:49,585 [INFO] automation.scheduler.run_job: Job usd_idr SELESAI sukses untuk month=2026-07
2026-07-27 23:01:56,154 [INFO] automation.scheduler.run_job: [1/4] Fetch USD/IDR mulai (target_month=current)
2026-07-27 23:01:56,436 [INFO] automation.fetch.usd_idr: fetch_usd_idr_latest result={'month': '2026-07', 'usd_idr_avg': 17950.52, 'usd_idr_source': 'exchangerate-api', 'fetched_at': '2026-07-27T23:01:56.155128+00:00'}
2026-07-27 23:01:56,436 [INFO] automation.scheduler.run_job: [1/4] Fetch selesai: {'month': '2026-07', 'usd_idr_avg': 17950.52, 'usd_idr_source': 'exchangerate-api', 'fetched_at': '2026-07-27T23:01:56.155128+00:00'}
2026-07-27 23:01:56,437 [INFO] automation.scheduler.run_job: [2/4] Validasi mulai
2026-07-27 23:01:56,437 [INFO] automation.scheduler.run_job: [2/4] Validasi lolos
2026-07-27 23:01:56,437 [INFO] automation.scheduler.run_job: [3/4] Cleaning ringan mulai
2026-07-27 23:01:56,437 [INFO] automation.scheduler.run_job: [3/4] Cleaning selesai: {'month': '2026-07', 'usd_idr_avg': 17950.52, 'usd_idr_source': 'exchangerate-api', 'fetched_at': '2026-07-27T23:01:56.155128+00:00'}
2026-07-27 23:01:56,437 [INFO] automation.scheduler.run_job: [4/4] Simpan ke staging mulai
2026-07-27 23:01:56,437 [INFO] automation.storage.staging_writer: staging_write source=usd_idr key=2026-07 path=/home/runner/work/BaliGuard-Early-Warning-System/BaliGuard-Early-Warning-System/automation/data/staging/usd_idr/2026-07.json
2026-07-27 23:01:56,437 [INFO] automation.scheduler.run_job: [4/4] Tersimpan di: /home/runner/work/BaliGuard-Early-Warning-System/BaliGuard-Early-Warning-System/automation/data/staging/usd_idr/2026-07.json
2026-07-27 23:01:56,437 [INFO] automation.scheduler.run_job: Job usd_idr SELESAI sukses untuk month=2026-07
2026-07-28 22:59:13,297 [INFO] automation.scheduler.run_job: [1/4] Fetch USD/IDR mulai (target_month=current)
2026-07-28 22:59:13,357 [INFO] automation.fetch.usd_idr: fetch_usd_idr_latest result={'month': '2026-07', 'usd_idr_avg': 18067.5, 'usd_idr_source': 'exchangerate-api', 'fetched_at': '2026-07-28T22:59:13.297688+00:00'}
2026-07-28 22:59:13,357 [INFO] automation.scheduler.run_job: [1/4] Fetch selesai: {'month': '2026-07', 'usd_idr_avg': 18067.5, 'usd_idr_source': 'exchangerate-api', 'fetched_at': '2026-07-28T22:59:13.297688+00:00'}
2026-07-28 22:59:13,357 [INFO] automation.scheduler.run_job: [2/4] Validasi mulai
2026-07-28 22:59:13,357 [INFO] automation.scheduler.run_job: [2/4] Validasi lolos
2026-07-28 22:59:13,357 [INFO] automation.scheduler.run_job: [3/4] Cleaning ringan mulai
2026-07-28 22:59:13,357 [INFO] automation.scheduler.run_job: [3/4] Cleaning selesai: {'month': '2026-07', 'usd_idr_avg': 18067.5, 'usd_idr_source': 'exchangerate-api', 'fetched_at': '2026-07-28T22:59:13.297688+00:00'}
2026-07-28 22:59:13,357 [INFO] automation.scheduler.run_job: [4/4] Simpan ke staging mulai
2026-07-28 22:59:13,357 [INFO] automation.storage.staging_writer: staging_write source=usd_idr key=2026-07 path=/home/runner/work/BaliGuard-Early-Warning-System/BaliGuard-Early-Warning-System/automation/data/staging/usd_idr/2026-07.json
2026-07-28 22:59:13,357 [INFO] automation.scheduler.run_job: [4/4] Tersimpan di: /home/runner/work/BaliGuard-Early-Warning-System/BaliGuard-Early-Warning-System/automation/data/staging/usd_idr/2026-07.json
2026-07-28 22:59:13,358 [INFO] automation.scheduler.run_job: Job usd_idr SELESAI sukses untuk month=2026-07
2026-07-29 22:59:36,860 [INFO] automation.scheduler.run_job: [1/4] Fetch USD/IDR mulai (target_month=current)
2026-07-29 22:59:37,085 [INFO] automation.fetch.usd_idr: fetch_usd_idr_latest result={'month': '2026-07', 'usd_idr_avg': 18106.37, 'usd_idr_source': 'exchangerate-api', 'fetched_at': '2026-07-29T22:59:36.860137+00:00'}
2026-07-29 22:59:37,085 [INFO] automation.scheduler.run_job: [1/4] Fetch selesai: {'month': '2026-07', 'usd_idr_avg': 18106.37, 'usd_idr_source': 'exchangerate-api', 'fetched_at': '2026-07-29T22:59:36.860137+00:00'}
2026-07-29 22:59:37,085 [INFO] automation.scheduler.run_job: [2/4] Validasi mulai
2026-07-29 22:59:37,086 [INFO] automation.scheduler.run_job: [2/4] Validasi lolos
2026-07-29 22:59:37,086 [INFO] automation.scheduler.run_job: [3/4] Cleaning ringan mulai
2026-07-29 22:59:37,086 [INFO] automation.scheduler.run_job: [3/4] Cleaning selesai: {'month': '2026-07', 'usd_idr_avg': 18106.37, 'usd_idr_source': 'exchangerate-api', 'fetched_at': '2026-07-29T22:59:36.860137+00:00'}
2026-07-29 22:59:37,086 [INFO] automation.scheduler.run_job: [4/4] Simpan ke staging mulai
2026-07-29 22:59:37,086 [INFO] automation.storage.staging_writer: staging_write source=usd_idr key=2026-07 path=/home/runner/work/BaliGuard-Early-Warning-System/BaliGuard-Early-Warning-System/automation/data/staging/usd_idr/2026-07.json
2026-07-29 22:59:37,086 [INFO] automation.scheduler.run_job: [4/4] Tersimpan di: /home/runner/work/BaliGuard-Early-Warning-System/BaliGuard-Early-Warning-System/automation/data/staging/usd_idr/2026-07.json
2026-07-29 22:59:37,086 [INFO] automation.scheduler.run_job: Job usd_idr SELESAI sukses untuk month=2026-07
2026-07-30 23:07:34,166 [INFO] automation.scheduler.run_job: [1/4] Fetch USD/IDR mulai (target_month=current)
2026-07-30 23:07:34,400 [INFO] automation.fetch.usd_idr: fetch_usd_idr_latest result={'month': '2026-07', 'usd_idr_avg': 18076.95, 'usd_idr_source': 'exchangerate-api', 'fetched_at': '2026-07-30T23:07:34.166772+00:00'}
2026-07-30 23:07:34,400 [INFO] automation.scheduler.run_job: [1/4] Fetch selesai: {'month': '2026-07', 'usd_idr_avg': 18076.95, 'usd_idr_source': 'exchangerate-api', 'fetched_at': '2026-07-30T23:07:34.166772+00:00'}
2026-07-30 23:07:34,400 [INFO] automation.scheduler.run_job: [2/4] Validasi mulai
2026-07-30 23:07:34,400 [INFO] automation.scheduler.run_job: [2/4] Validasi lolos
2026-07-30 23:07:34,400 [INFO] automation.scheduler.run_job: [3/4] Cleaning ringan mulai
2026-07-30 23:07:34,401 [INFO] automation.scheduler.run_job: [3/4] Cleaning selesai: {'month': '2026-07', 'usd_idr_avg': 18076.95, 'usd_idr_source': 'exchangerate-api', 'fetched_at': '2026-07-30T23:07:34.166772+00:00'}
2026-07-30 23:07:34,401 [INFO] automation.scheduler.run_job: [4/4] Simpan ke staging mulai
2026-07-30 23:07:34,401 [INFO] automation.storage.staging_writer: staging_write source=usd_idr key=2026-07 path=/home/runner/work/BaliGuard-Early-Warning-System/BaliGuard-Early-Warning-System/automation/data/staging/usd_idr/2026-07.json
2026-07-30 23:07:34,401 [INFO] automation.scheduler.run_job: [4/4] Tersimpan di: /home/runner/work/BaliGuard-Early-Warning-System/BaliGuard-Early-Warning-System/automation/data/staging/usd_idr/2026-07.json
2026-07-30 23:07:34,401 [INFO] automation.scheduler.run_job: Job usd_idr SELESAI sukses untuk month=2026-07
2026-07-31 23:00:14,264 [INFO] automation.scheduler.run_job: [1/4] Fetch USD/IDR mulai (target_month=current)
2026-07-31 23:00:14,422 [INFO] automation.fetch.usd_idr: fetch_usd_idr_latest result={'month': '2026-07', 'usd_idr_avg': 18084.7, 'usd_idr_source': 'exchangerate-api', 'fetched_at': '2026-07-31T23:00:14.264848+00:00'}
2026-07-31 23:00:14,423 [INFO] automation.scheduler.run_job: [1/4] Fetch selesai: {'month': '2026-07', 'usd_idr_avg': 18084.7, 'usd_idr_source': 'exchangerate-api', 'fetched_at': '2026-07-31T23:00:14.264848+00:00'}
2026-07-31 23:00:14,423 [INFO] automation.scheduler.run_job: [2/4] Validasi mulai
2026-07-31 23:00:14,423 [INFO] automation.scheduler.run_job: [2/4] Validasi lolos
2026-07-31 23:00:14,423 [INFO] automation.scheduler.run_job: [3/4] Cleaning ringan mulai
2026-07-31 23:00:14,423 [INFO] automation.scheduler.run_job: [3/4] Cleaning selesai: {'month': '2026-07', 'usd_idr_avg': 18084.7, 'usd_idr_source': 'exchangerate-api', 'fetched_at': '2026-07-31T23:00:14.264848+00:00'}
2026-07-31 23:00:14,423 [INFO] automation.scheduler.run_job: [4/4] Simpan ke staging mulai
2026-07-31 23:00:14,423 [INFO] automation.storage.staging_writer: staging_write source=usd_idr key=2026-07 path=/home/runner/work/BaliGuard-Early-Warning-System/BaliGuard-Early-Warning-System/automation/data/staging/usd_idr/2026-07.json
2026-07-31 23:00:14,423 [INFO] automation.scheduler.run_job: [4/4] Tersimpan di: /home/runner/work/BaliGuard-Early-Warning-System/BaliGuard-Early-Warning-System/automation/data/staging/usd_idr/2026-07.json
2026-07-31 23:00:14,423 [INFO] automation.scheduler.run_job: Job usd_idr SELESAI sukses untuk month=2026-07
2026-08-01 22:56:05,000 [INFO] automation.scheduler.run_job: [1/4] Fetch USD/IDR mulai (target_month=current)
2026-08-01 22:56:05,149 [INFO] automation.fetch.usd_idr: fetch_usd_idr_latest result={'month': '2026-08', 'usd_idr_avg': 18040.0, 'usd_idr_source': 'exchangerate-api', 'fetched_at': '2026-08-01T22:56:05.000865+00:00'}
2026-08-01 22:56:05,149 [INFO] automation.scheduler.run_job: [1/4] Fetch selesai: {'month': '2026-08', 'usd_idr_avg': 18040.0, 'usd_idr_source': 'exchangerate-api', 'fetched_at': '2026-08-01T22:56:05.000865+00:00'}
2026-08-01 22:56:05,149 [INFO] automation.scheduler.run_job: [2/4] Validasi mulai
2026-08-01 22:56:05,149 [INFO] automation.scheduler.run_job: [2/4] Validasi lolos
2026-08-01 22:56:05,149 [INFO] automation.scheduler.run_job: [3/4] Cleaning ringan mulai
2026-08-01 22:56:05,149 [INFO] automation.scheduler.run_job: [3/4] Cleaning selesai: {'month': '2026-08', 'usd_idr_avg': 18040.0, 'usd_idr_source': 'exchangerate-api', 'fetched_at': '2026-08-01T22:56:05.000865+00:00'}
2026-08-01 22:56:05,149 [INFO] automation.scheduler.run_job: [4/4] Simpan ke staging mulai
2026-08-01 22:56:05,150 [INFO] automation.storage.staging_writer: staging_write source=usd_idr key=2026-08 path=/home/runner/work/BaliGuard-Early-Warning-System/BaliGuard-Early-Warning-System/automation/data/staging/usd_idr/2026-08.json
2026-08-01 22:56:05,150 [INFO] automation.scheduler.run_job: [4/4] Tersimpan di: /home/runner/work/BaliGuard-Early-Warning-System/BaliGuard-Early-Warning-System/automation/data/staging/usd_idr/2026-08.json
2026-08-01 22:56:05,150 [INFO] automation.scheduler.run_job: Job usd_idr SELESAI sukses untuk month=2026-08
2026-08-02 22:56:36,182 [INFO] automation.scheduler.run_job: [1/4] Fetch USD/IDR mulai (target_month=current)
2026-08-02 22:56:36,491 [INFO] automation.fetch.usd_idr: fetch_usd_idr_latest result={'month': '2026-08', 'usd_idr_avg': 18037.98, 'usd_idr_source': 'exchangerate-api', 'fetched_at': '2026-08-02T22:56:36.183051+00:00'}
2026-08-02 22:56:36,491 [INFO] automation.scheduler.run_job: [1/4] Fetch selesai: {'month': '2026-08', 'usd_idr_avg': 18037.98, 'usd_idr_source': 'exchangerate-api', 'fetched_at': '2026-08-02T22:56:36.183051+00:00'}
2026-08-02 22:56:36,491 [INFO] automation.scheduler.run_job: [2/4] Validasi mulai
2026-08-02 22:56:36,491 [INFO] automation.scheduler.run_job: [2/4] Validasi lolos
2026-08-02 22:56:36,491 [INFO] automation.scheduler.run_job: [3/4] Cleaning ringan mulai
2026-08-02 22:56:36,491 [INFO] automation.scheduler.run_job: [3/4] Cleaning selesai: {'month': '2026-08', 'usd_idr_avg': 18037.98, 'usd_idr_source': 'exchangerate-api', 'fetched_at': '2026-08-02T22:56:36.183051+00:00'}
2026-08-02 22:56:36,492 [INFO] automation.scheduler.run_job: [4/4] Simpan ke staging mulai
2026-08-02 22:56:36,492 [INFO] automation.storage.staging_writer: staging_write source=usd_idr key=2026-08 path=/home/runner/work/BaliGuard-Early-Warning-System/BaliGuard-Early-Warning-System/automation/data/staging/usd_idr/2026-08.json
2026-08-02 22:56:36,492 [INFO] automation.scheduler.run_job: [4/4] Tersimpan di: /home/runner/work/BaliGuard-Early-Warning-System/BaliGuard-Early-Warning-System/automation/data/staging/usd_idr/2026-08.json
2026-08-02 22:56:36,492 [INFO] automation.scheduler.run_job: Job usd_idr SELESAI sukses untuk month=2026-08
2026-08-03 23:00:36,594 [INFO] automation.scheduler.run_job: [1/4] Fetch USD/IDR mulai (target_month=current)
2026-08-03 23:00:36,880 [INFO] automation.fetch.usd_idr: fetch_usd_idr_latest result={'month': '2026-08', 'usd_idr_avg': 18075.57, 'usd_idr_source': 'exchangerate-api', 'fetched_at': '2026-08-03T23:00:36.594581+00:00'}
2026-08-03 23:00:36,880 [INFO] automation.scheduler.run_job: [1/4] Fetch selesai: {'month': '2026-08', 'usd_idr_avg': 18075.57, 'usd_idr_source': 'exchangerate-api', 'fetched_at': '2026-08-03T23:00:36.594581+00:00'}
2026-08-03 23:00:36,880 [INFO] automation.scheduler.run_job: [2/4] Validasi mulai
2026-08-03 23:00:36,881 [INFO] automation.scheduler.run_job: [2/4] Validasi lolos
2026-08-03 23:00:36,881 [INFO] automation.scheduler.run_job: [3/4] Cleaning ringan mulai
2026-08-03 23:00:36,881 [INFO] automation.scheduler.run_job: [3/4] Cleaning selesai: {'month': '2026-08', 'usd_idr_avg': 18075.57, 'usd_idr_source': 'exchangerate-api', 'fetched_at': '2026-08-03T23:00:36.594581+00:00'}
2026-08-03 23:00:36,881 [INFO] automation.scheduler.run_job: [4/4] Simpan ke staging mulai
2026-08-03 23:00:36,881 [INFO] automation.storage.staging_writer: staging_write source=usd_idr key=2026-08 path=/home/runner/work/BaliGuard-Early-Warning-System/BaliGuard-Early-Warning-System/automation/data/staging/usd_idr/2026-08.json
2026-08-03 23:00:36,881 [INFO] automation.scheduler.run_job: [4/4] Tersimpan di: /home/runner/work/BaliGuard-Early-Warning-System/BaliGuard-Early-Warning-System/automation/data/staging/usd_idr/2026-08.json
2026-08-03 23:00:36,881 [INFO] automation.scheduler.run_job: Job usd_idr SELESAI sukses untuk month=2026-08
2026-08-04 23:03:19,417 [INFO] automation.scheduler.run_job: [1/4] Fetch USD/IDR mulai (target_month=current)
2026-08-04 23:03:19,668 [INFO] automation.fetch.usd_idr: fetch_usd_idr_latest result={'month': '2026-08', 'usd_idr_avg': 17992.43, 'usd_idr_source': 'exchangerate-api', 'fetched_at': '2026-08-04T23:03:19.417278+00:00'}
2026-08-04 23:03:19,668 [INFO] automation.scheduler.run_job: [1/4] Fetch selesai: {'month': '2026-08', 'usd_idr_avg': 17992.43, 'usd_idr_source': 'exchangerate-api', 'fetched_at': '2026-08-04T23:03:19.417278+00:00'}
2026-08-04 23:03:19,668 [INFO] automation.scheduler.run_job: [2/4] Validasi mulai
2026-08-04 23:03:19,668 [INFO] automation.scheduler.run_job: [2/4] Validasi lolos
2026-08-04 23:03:19,668 [INFO] automation.scheduler.run_job: [3/4] Cleaning ringan mulai
2026-08-04 23:03:19,668 [INFO] automation.scheduler.run_job: [3/4] Cleaning selesai: {'month': '2026-08', 'usd_idr_avg': 17992.43, 'usd_idr_source': 'exchangerate-api', 'fetched_at': '2026-08-04T23:03:19.417278+00:00'}
2026-08-04 23:03:19,668 [INFO] automation.scheduler.run_job: [4/4] Simpan ke staging mulai
2026-08-04 23:03:19,669 [INFO] automation.storage.staging_writer: staging_write source=usd_idr key=2026-08 path=/home/runner/work/BaliGuard-Early-Warning-System/BaliGuard-Early-Warning-System/automation/data/staging/usd_idr/2026-08.json
2026-08-04 23:03:19,669 [INFO] automation.scheduler.run_job: [4/4] Tersimpan di: /home/runner/work/BaliGuard-Early-Warning-System/BaliGuard-Early-Warning-System/automation/data/staging/usd_idr/2026-08.json
2026-08-04 23:03:19,669 [INFO] automation.scheduler.run_job: Job usd_idr SELESAI sukses untuk month=2026-08
2026-08-05 22:58:52,767 [INFO] automation.scheduler.run_job: [1/4] Fetch USD/IDR mulai (target_month=current)
2026-08-05 22:58:53,087 [INFO] automation.fetch.usd_idr: fetch_usd_idr_latest result={'month': '2026-08', 'usd_idr_avg': 18015.28, 'usd_idr_source': 'exchangerate-api', 'fetched_at': '2026-08-05T22:58:52.768103+00:00'}
2026-08-05 22:58:53,087 [INFO] automation.scheduler.run_job: [1/4] Fetch selesai: {'month': '2026-08', 'usd_idr_avg': 18015.28, 'usd_idr_source': 'exchangerate-api', 'fetched_at': '2026-08-05T22:58:52.768103+00:00'}
2026-08-05 22:58:53,087 [INFO] automation.scheduler.run_job: [2/4] Validasi mulai
2026-08-05 22:58:53,087 [INFO] automation.scheduler.run_job: [2/4] Validasi lolos
2026-08-05 22:58:53,087 [INFO] automation.scheduler.run_job: [3/4] Cleaning ringan mulai
2026-08-05 22:58:53,087 [INFO] automation.scheduler.run_job: [3/4] Cleaning selesai: {'month': '2026-08', 'usd_idr_avg': 18015.28, 'usd_idr_source': 'exchangerate-api', 'fetched_at': '2026-08-05T22:58:52.768103+00:00'}
2026-08-05 22:58:53,087 [INFO] automation.scheduler.run_job: [4/4] Simpan ke staging mulai
2026-08-05 22:58:53,087 [INFO] automation.storage.staging_writer: staging_write source=usd_idr key=2026-08 path=/home/runner/work/BaliGuard-Early-Warning-System/BaliGuard-Early-Warning-System/automation/data/staging/usd_idr/2026-08.json
2026-08-05 22:58:53,088 [INFO] automation.scheduler.run_job: [4/4] Tersimpan di: /home/runner/work/BaliGuard-Early-Warning-System/BaliGuard-Early-Warning-System/automation/data/staging/usd_idr/2026-08.json
2026-08-05 22:58:53,088 [INFO] automation.scheduler.run_job: Job usd_idr SELESAI sukses untuk month=2026-08
2026-08-07 01:30:13,032 [INFO] automation.scheduler.run_job: [1/4] Fetch USD/IDR mulai (target_month=current)
2026-08-07 01:30:13,169 [INFO] automation.fetch.usd_idr: fetch_usd_idr_latest result={'month': '2026-08', 'usd_idr_avg': 17936.3, 'usd_idr_source': 'exchangerate-api', 'fetched_at': '2026-08-07T01:30:13.032736+00:00'}
2026-08-07 01:30:13,169 [INFO] automation.scheduler.run_job: [1/4] Fetch selesai: {'month': '2026-08', 'usd_idr_avg': 17936.3, 'usd_idr_source': 'exchangerate-api', 'fetched_at': '2026-08-07T01:30:13.032736+00:00'}
2026-08-07 01:30:13,169 [INFO] automation.scheduler.run_job: [2/4] Validasi mulai
2026-08-07 01:30:13,169 [INFO] automation.scheduler.run_job: [2/4] Validasi lolos
2026-08-07 01:30:13,169 [INFO] automation.scheduler.run_job: [3/4] Cleaning ringan mulai
2026-08-07 01:30:13,169 [INFO] automation.scheduler.run_job: [3/4] Cleaning selesai: {'month': '2026-08', 'usd_idr_avg': 17936.3, 'usd_idr_source': 'exchangerate-api', 'fetched_at': '2026-08-07T01:30:13.032736+00:00'}
2026-08-07 01:30:13,169 [INFO] automation.scheduler.run_job: [4/4] Simpan ke staging mulai
2026-08-07 01:30:13,170 [INFO] automation.storage.staging_writer: staging_write source=usd_idr key=2026-08 path=/home/runner/work/BaliGuard-Early-Warning-System/BaliGuard-Early-Warning-System/automation/data/staging/usd_idr/2026-08.json
2026-08-07 01:30:13,170 [INFO] automation.scheduler.run_job: [4/4] Tersimpan di: /home/runner/work/BaliGuard-Early-Warning-System/BaliGuard-Early-Warning-System/automation/data/staging/usd_idr/2026-08.json
2026-08-07 01:30:13,170 [INFO] automation.scheduler.run_job: Job usd_idr SELESAI sukses untuk month=2026-08
2026-08-07 22:35:01,941 [INFO] automation.scheduler.run_job: [1/4] Fetch USD/IDR mulai (target_month=current)
2026-08-07 22:35:02,158 [INFO] automation.fetch.usd_idr: fetch_usd_idr_latest result={'month': '2026-08', 'usd_idr_avg': 17936.3, 'usd_idr_source': 'exchangerate-api', 'fetched_at': '2026-08-07T22:35:01.942111+00:00'}
2026-08-07 22:35:02,159 [INFO] automation.scheduler.run_job: [1/4] Fetch selesai: {'month': '2026-08', 'usd_idr_avg': 17936.3, 'usd_idr_source': 'exchangerate-api', 'fetched_at': '2026-08-07T22:35:01.942111+00:00'}
2026-08-07 22:35:02,159 [INFO] automation.scheduler.run_job: [2/4] Validasi mulai
2026-08-07 22:35:02,159 [INFO] automation.scheduler.run_job: [2/4] Validasi lolos
2026-08-07 22:35:02,159 [INFO] automation.scheduler.run_job: [3/4] Cleaning ringan mulai
2026-08-07 22:35:02,159 [INFO] automation.scheduler.run_job: [3/4] Cleaning selesai: {'month': '2026-08', 'usd_idr_avg': 17936.3, 'usd_idr_source': 'exchangerate-api', 'fetched_at': '2026-08-07T22:35:01.942111+00:00'}
2026-08-07 22:35:02,159 [INFO] automation.scheduler.run_job: [4/4] Simpan ke staging mulai
2026-08-07 22:35:02,159 [INFO] automation.storage.staging_writer: staging_write source=usd_idr key=2026-08 path=/home/runner/work/BaliGuard-Early-Warning-System/BaliGuard-Early-Warning-System/automation/data/staging/usd_idr/2026-08.json
2026-08-07 22:35:02,159 [INFO] automation.scheduler.run_job: [4/4] Tersimpan di: /home/runner/work/BaliGuard-Early-Warning-System/BaliGuard-Early-Warning-System/automation/data/staging/usd_idr/2026-08.json
2026-08-07 22:35:02,160 [INFO] automation.scheduler.run_job: Job usd_idr SELESAI sukses untuk month=2026-08
2026-08-08 22:28:52,994 [INFO] automation.scheduler.run_job: [1/4] Fetch USD/IDR mulai (target_month=current)
2026-08-08 22:28:53,299 [INFO] automation.fetch.usd_idr: fetch_usd_idr_latest result={'month': '2026-08', 'usd_idr_avg': 17863.33, 'usd_idr_source': 'exchangerate-api', 'fetched_at': '2026-08-08T22:28:52.994588+00:00'}
2026-08-08 22:28:53,299 [INFO] automation.scheduler.run_job: [1/4] Fetch selesai: {'month': '2026-08', 'usd_idr_avg': 17863.33, 'usd_idr_source': 'exchangerate-api', 'fetched_at': '2026-08-08T22:28:52.994588+00:00'}
2026-08-08 22:28:53,299 [INFO] automation.scheduler.run_job: [2/4] Validasi mulai
2026-08-08 22:28:53,300 [INFO] automation.scheduler.run_job: [2/4] Validasi lolos
2026-08-08 22:28:53,300 [INFO] automation.scheduler.run_job: [3/4] Cleaning ringan mulai
2026-08-08 22:28:53,300 [INFO] automation.scheduler.run_job: [3/4] Cleaning selesai: {'month': '2026-08', 'usd_idr_avg': 17863.33, 'usd_idr_source': 'exchangerate-api', 'fetched_at': '2026-08-08T22:28:52.994588+00:00'}
2026-08-08 22:28:53,300 [INFO] automation.scheduler.run_job: [4/4] Simpan ke staging mulai
2026-08-08 22:28:53,300 [INFO] automation.storage.staging_writer: staging_write source=usd_idr key=2026-08 path=/home/runner/work/BaliGuard-Early-Warning-System/BaliGuard-Early-Warning-System/automation/data/staging/usd_idr/2026-08.json
2026-08-08 22:28:53,300 [INFO] automation.scheduler.run_job: [4/4] Tersimpan di: /home/runner/work/BaliGuard-Early-Warning-System/BaliGuard-Early-Warning-System/automation/data/staging/usd_idr/2026-08.json
2026-08-08 22:28:53,301 [INFO] automation.scheduler.run_job: Job usd_idr SELESAI sukses untuk month=2026-08
2026-08-09 22:31:12,259 [INFO] automation.scheduler.run_job: [1/4] Fetch USD/IDR mulai (target_month=current)
2026-08-09 22:31:12,486 [INFO] automation.fetch.usd_idr: fetch_usd_idr_latest result={'month': '2026-08', 'usd_idr_avg': 17859.98, 'usd_idr_source': 'exchangerate-api', 'fetched_at': '2026-08-09T22:31:12.259540+00:00'}
2026-08-09 22:31:12,487 [INFO] automation.scheduler.run_job: [1/4] Fetch selesai: {'month': '2026-08', 'usd_idr_avg': 17859.98, 'usd_idr_source': 'exchangerate-api', 'fetched_at': '2026-08-09T22:31:12.259540+00:00'}
2026-08-09 22:31:12,487 [INFO] automation.scheduler.run_job: [2/4] Validasi mulai
2026-08-09 22:31:12,487 [INFO] automation.scheduler.run_job: [2/4] Validasi lolos
2026-08-09 22:31:12,487 [INFO] automation.scheduler.run_job: [3/4] Cleaning ringan mulai
2026-08-09 22:31:12,487 [INFO] automation.scheduler.run_job: [3/4] Cleaning selesai: {'month': '2026-08', 'usd_idr_avg': 17859.98, 'usd_idr_source': 'exchangerate-api', 'fetched_at': '2026-08-09T22:31:12.259540+00:00'}
2026-08-09 22:31:12,487 [INFO] automation.scheduler.run_job: [4/4] Simpan ke staging mulai
2026-08-09 22:31:12,487 [INFO] automation.storage.staging_writer: staging_write source=usd_idr key=2026-08 path=/home/runner/work/BaliGuard-Early-Warning-System/BaliGuard-Early-Warning-System/automation/data/staging/usd_idr/2026-08.json
2026-08-09 22:31:12,487 [INFO] automation.scheduler.run_job: [4/4] Tersimpan di: /home/runner/work/BaliGuard-Early-Warning-System/BaliGuard-Early-Warning-System/automation/data/staging/usd_idr/2026-08.json
2026-08-09 22:31:12,488 [INFO] automation.scheduler.run_job: Job usd_idr SELESAI sukses untuk month=2026-08
